// Jest Snapshot v1, https://goo.gl/fbAQLP

exports[`<Article /> should render <Article /> component 1`] = `
<Article
  article={
    Object {
      "author": "Test",
      "date": "10/10/2010",
      "html": "<p>Test</p>",
      "lang": "pt-br",
      "slug": "test-test",
      "thumbnail": "test.png",
      "title": "Test",
      "url": "/test/test",
    }
  }
>
  <article
    className="article"
  >
    <header
      className="header"
    >
      <Back>
        <Link
          href="/"
        >
          <a
            className="link"
            href="/"
            onClick={[Function]}
          >
            ↤ Articles
          </a>
        </Link>
      </Back>
      <Title
        className="title"
      >
        <h1
          className="title title"
        >
          Test
        </h1>
      </Title>
      <Date
        className={null}
        date="10/10/2010"
        lang="pt-br"
      >
        <div
          className="details"
        >
          October 2010
           
          <span
            className="separator"
          >
            -
          </span>
           
          pt-br
        </div>
      </Date>
    </header>
    <Notification
      date="10/10/2010"
    >
      <div
        className="notification"
      >
        Este artigo possui mais de 
        8
         anos de existência. O seu conteúdo pode estar desatualizado ou pode não representar mais minha opinião.
      </div>
    </Notification>
    <div
      dangerouslySetInnerHTML={
        Object {
          "__html": "<p>Test</p>",
        }
      }
    />
    <Comments>
      <div
        className="wrapper"
      >
        <Subtitle>
          <h3
            className="title"
          >
            Comments
          </h3>
        </Subtitle>
        <div
          id="disqus_thread"
        />
      </div>
    </Comments>
    <Back>
      <Link
        href="/"
      >
        <a
          className="link"
          href="/"
          onClick={[Function]}
        >
          ↤ Articles
        </a>
      </Link>
    </Back>
  </article>
</Article>
`;
