// Jest Snapshot v1, https://goo.gl/fbAQLP

exports[`<ArticleItem /> should render <ArticleItem /> component 1`] = `
<ArticleItem
  article={
    Object {
      "author": "Test",
      "date": "10/10/2010",
      "html": "<p>Test</p>",
      "lang": "pt-br",
      "slug": "test-test",
      "thumbnail": "test.png",
      "title": "Test",
      "url": "/test/test",
    }
  }
>
  <div
    className="wrapper"
  >
    <p
      className="title"
    >
      <Link
        href="/article/test/test"
      >
        <a
          className="link"
          href="/article/test/test"
          onClick={[Function]}
        >
          Test
        </a>
      </Link>
    </p>
    <Date
      className={null}
      date="10/10/2010"
      lang="pt-br"
    >
      <div
        className="details"
      >
        October 2010
         
        <span
          className="separator"
        >
          -
        </span>
         
        pt-br
      </div>
    </Date>
  </div>
</ArticleItem>
`;
