// Jest Snapshot v1, https://goo.gl/fbAQLP

exports[`<ArticleItem /> should render <ArticleItem /> component 1`] = `
<ArticleItem
  article={
    Object {
      "author": "Leandro Oriente",
      "date": "2014-03-09T00:00:00.000Z",
      "description": "Tracei uma nova meta de vida. Aprender inglês de verdade em 1 ano. Tenho uma base razoavel a bastante tempo que me permite ler artigos, posts, documentações em inglês e compreender boa parte delas mas que não é o suficiente para conversar por 5 minutos com alguém fluente sem parecer um idiota.",
      "html": null,
      "lang": "pt-BR",
      "slug": "como-aprender-ingles",
      "thumbnail": "/images/joel-santana-thumb.jpg",
      "title": "Como aprender inglês",
      "url": "/como-aprender-ingles",
    }
  }
>
  <div
    className="wrapper"
  >
    <p
      className="title"
    >
      <Link
        href="/como-aprender-ingles"
      >
        <a
          className="link"
          href="/como-aprender-ingles"
          onClick={[Function]}
        >
          Como aprender inglês
        </a>
      </Link>
    </p>
    <div>
      <Badge
        className="badge"
      >
        <span
          className="badge badge"
        >
          March 2014
        </span>
      </Badge>
      <Badge
        className="badge"
      >
        <span
          className="badge badge"
        >
          pt-BR
        </span>
      </Badge>
    </div>
  </div>
</ArticleItem>
`;
