// Jest Snapshot v1, https://goo.gl/fbAQLP

exports[`<ArticlesList /> should render <ArticlesList /> component 1`] = `
<ArticlesList
  articles={
    Array [
      Object {
        "author": "Foo Bar",
        "date": "12/12/2012",
        "html": "<p>Foo Bar</p>",
        "lang": "pt-br",
        "slug": "foo-bar",
        "thumbnail": "foo.png",
        "title": "Foo Bar",
        "url": "/foo/bar",
      },
      Object {
        "author": "Test",
        "date": "10/10/2010",
        "html": "<p>Test</p>",
        "lang": "pt-br",
        "slug": "test-test",
        "thumbnail": "test.png",
        "title": "Test",
        "url": "/test/test",
      },
    ]
  }
>
  <section
    className="wrapper"
    id="articles"
  >
    <Flex
      flexDirection={
        Array [
          "column",
          "row",
        ]
      }
      theme={
        Object {
          "breakpoints": Array [
            "40em",
            "52em",
            "64em",
          ],
          "fontSizes": Array [
            12,
            14,
            16,
            20,
            24,
            32,
            48,
            64,
            96,
            128,
          ],
          "space": Array [
            0,
            4,
            8,
            16,
            32,
            64,
            128,
            256,
            512,
          ],
        }
      }
    >
      <Clean.div
        blacklist={
          Array [
            "m",
            "mt",
            "mr",
            "mb",
            "ml",
            "mx",
            "my",
            "p",
            "pt",
            "pr",
            "pb",
            "pl",
            "px",
            "py",
            "width",
            "w",
            "fontSize",
            "f",
            "color",
            "bg",
            "fontFamily",
            "font",
            "textAlign",
            "align",
            "lineHeight",
            "fontWeight",
            "letterSpacing",
            "display",
            "maxWidth",
            "minWidth",
            "height",
            "maxHeight",
            "minHeight",
            "size",
            "ratio",
            "alignItems",
            "alignContent",
            "justifyContent",
            "justify",
            "flexWrap",
            "wrap",
            "flexBasis",
            "flexDirection",
            "flex",
            "justifySelf",
            "alignSelf",
            "order",
            "gridGap",
            "gridColumnGap",
            "gridRowGap",
            "gridColumn",
            "gridRow",
            "gridAutoFlow",
            "gridAutoColumns",
            "gridAutoRows",
            "gridTemplateColumns",
            "gridTemplateRows",
            "border",
            "borderTop",
            "borderRight",
            "borderBottom",
            "borderLeft",
            "borderColor",
            "borderRadius",
            "boxShadow",
            "background",
            "backgroundImage",
            "bgImage",
            "backgroundSize",
            "bgSize",
            "backgroundPosition",
            "bgPosition",
            "backgroundRepeat",
            "bgRepeat",
            "position",
            "zIndex",
            "top",
            "right",
            "bottom",
            "left",
            "hover",
            "focus",
            "active",
            "disabledStyle",
            "textStyle",
            "colors",
            "buttonStyle",
            "borderWidth",
          ]
        }
        className="sc-bwzfXH jyiNXZ"
        flexDirection={
          Array [
            "column",
            "row",
          ]
        }
        is="div"
        theme={
          Object {
            "breakpoints": Array [
              "40em",
              "52em",
              "64em",
            ],
            "fontSizes": Array [
              12,
              14,
              16,
              20,
              24,
              32,
              48,
              64,
              96,
              128,
            ],
            "space": Array [
              0,
              4,
              8,
              16,
              32,
              64,
              128,
              256,
              512,
            ],
          }
        }
      >
        <div
          className="sc-bwzfXH jyiNXZ"
        >
          <Box
            theme={
              Object {
                "breakpoints": Array [
                  "40em",
                  "52em",
                  "64em",
                ],
                "fontSizes": Array [
                  12,
                  14,
                  16,
                  20,
                  24,
                  32,
                  48,
                  64,
                  96,
                  128,
                ],
                "space": Array [
                  0,
                  4,
                  8,
                  16,
                  32,
                  64,
                  128,
                  256,
                  512,
                ],
              }
            }
            w={
              Array [
                1,
                0.25,
              ]
            }
          >
            <Clean.div
              blacklist={
                Array [
                  "m",
                  "mt",
                  "mr",
                  "mb",
                  "ml",
                  "mx",
                  "my",
                  "p",
                  "pt",
                  "pr",
                  "pb",
                  "pl",
                  "px",
                  "py",
                  "width",
                  "w",
                  "fontSize",
                  "f",
                  "color",
                  "bg",
                  "fontFamily",
                  "font",
                  "textAlign",
                  "align",
                  "lineHeight",
                  "fontWeight",
                  "letterSpacing",
                  "display",
                  "maxWidth",
                  "minWidth",
                  "height",
                  "maxHeight",
                  "minHeight",
                  "size",
                  "ratio",
                  "alignItems",
                  "alignContent",
                  "justifyContent",
                  "justify",
                  "flexWrap",
                  "wrap",
                  "flexBasis",
                  "flexDirection",
                  "flex",
                  "justifySelf",
                  "alignSelf",
                  "order",
                  "gridGap",
                  "gridColumnGap",
                  "gridRowGap",
                  "gridColumn",
                  "gridRow",
                  "gridAutoFlow",
                  "gridAutoColumns",
                  "gridAutoRows",
                  "gridTemplateColumns",
                  "gridTemplateRows",
                  "border",
                  "borderTop",
                  "borderRight",
                  "borderBottom",
                  "borderLeft",
                  "borderColor",
                  "borderRadius",
                  "boxShadow",
                  "background",
                  "backgroundImage",
                  "bgImage",
                  "backgroundSize",
                  "bgSize",
                  "backgroundPosition",
                  "bgPosition",
                  "backgroundRepeat",
                  "bgRepeat",
                  "position",
                  "zIndex",
                  "top",
                  "right",
                  "bottom",
                  "left",
                  "hover",
                  "focus",
                  "active",
                  "disabledStyle",
                  "textStyle",
                  "colors",
                  "buttonStyle",
                  "borderWidth",
                ]
              }
              className="sc-bdVaJa eyHDoe"
              is="div"
              theme={
                Object {
                  "breakpoints": Array [
                    "40em",
                    "52em",
                    "64em",
                  ],
                  "fontSizes": Array [
                    12,
                    14,
                    16,
                    20,
                    24,
                    32,
                    48,
                    64,
                    96,
                    128,
                  ],
                  "space": Array [
                    0,
                    4,
                    8,
                    16,
                    32,
                    64,
                    128,
                    256,
                    512,
                  ],
                }
              }
              w={
                Array [
                  1,
                  0.25,
                ]
              }
            >
              <div
                className="sc-bdVaJa eyHDoe"
              >
                <Subtitle>
                  <h3
                    className="title"
                  >
                    Articles
                  </h3>
                </Subtitle>
              </div>
            </Clean.div>
          </Box>
          <Box
            theme={
              Object {
                "breakpoints": Array [
                  "40em",
                  "52em",
                  "64em",
                ],
                "fontSizes": Array [
                  12,
                  14,
                  16,
                  20,
                  24,
                  32,
                  48,
                  64,
                  96,
                  128,
                ],
                "space": Array [
                  0,
                  4,
                  8,
                  16,
                  32,
                  64,
                  128,
                  256,
                  512,
                ],
              }
            }
            w={
              Array [
                1,
                0.75,
              ]
            }
          >
            <Clean.div
              blacklist={
                Array [
                  "m",
                  "mt",
                  "mr",
                  "mb",
                  "ml",
                  "mx",
                  "my",
                  "p",
                  "pt",
                  "pr",
                  "pb",
                  "pl",
                  "px",
                  "py",
                  "width",
                  "w",
                  "fontSize",
                  "f",
                  "color",
                  "bg",
                  "fontFamily",
                  "font",
                  "textAlign",
                  "align",
                  "lineHeight",
                  "fontWeight",
                  "letterSpacing",
                  "display",
                  "maxWidth",
                  "minWidth",
                  "height",
                  "maxHeight",
                  "minHeight",
                  "size",
                  "ratio",
                  "alignItems",
                  "alignContent",
                  "justifyContent",
                  "justify",
                  "flexWrap",
                  "wrap",
                  "flexBasis",
                  "flexDirection",
                  "flex",
                  "justifySelf",
                  "alignSelf",
                  "order",
                  "gridGap",
                  "gridColumnGap",
                  "gridRowGap",
                  "gridColumn",
                  "gridRow",
                  "gridAutoFlow",
                  "gridAutoColumns",
                  "gridAutoRows",
                  "gridTemplateColumns",
                  "gridTemplateRows",
                  "border",
                  "borderTop",
                  "borderRight",
                  "borderBottom",
                  "borderLeft",
                  "borderColor",
                  "borderRadius",
                  "boxShadow",
                  "background",
                  "backgroundImage",
                  "bgImage",
                  "backgroundSize",
                  "bgSize",
                  "backgroundPosition",
                  "bgPosition",
                  "backgroundRepeat",
                  "bgRepeat",
                  "position",
                  "zIndex",
                  "top",
                  "right",
                  "bottom",
                  "left",
                  "hover",
                  "focus",
                  "active",
                  "disabledStyle",
                  "textStyle",
                  "colors",
                  "buttonStyle",
                  "borderWidth",
                ]
              }
              className="sc-bdVaJa biKVss"
              is="div"
              theme={
                Object {
                  "breakpoints": Array [
                    "40em",
                    "52em",
                    "64em",
                  ],
                  "fontSizes": Array [
                    12,
                    14,
                    16,
                    20,
                    24,
                    32,
                    48,
                    64,
                    96,
                    128,
                  ],
                  "space": Array [
                    0,
                    4,
                    8,
                    16,
                    32,
                    64,
                    128,
                    256,
                    512,
                  ],
                }
              }
              w={
                Array [
                  1,
                  0.75,
                ]
              }
            >
              <div
                className="sc-bdVaJa biKVss"
              >
                <ArticleItem
                  article={
                    Object {
                      "author": "Foo Bar",
                      "date": "12/12/2012",
                      "html": "<p>Foo Bar</p>",
                      "lang": "pt-br",
                      "slug": "foo-bar",
                      "thumbnail": "foo.png",
                      "title": "Foo Bar",
                      "url": "/foo/bar",
                    }
                  }
                  key="foo-bar"
                >
                  <div
                    className="wrapper"
                  >
                    <p
                      className="title"
                    >
                      <Link
                        href="/article/foo/bar"
                      >
                        <a
                          className="link"
                          href="/article/foo/bar"
                          onClick={[Function]}
                        >
                          Foo Bar
                        </a>
                      </Link>
                    </p>
                    <div>
                      <Badge
                        className="badge"
                      >
                        <span
                          className="badge badge"
                        >
                          Dezember 2012
                        </span>
                      </Badge>
                      <Badge
                        className="badge"
                      >
                        <span
                          className="badge badge"
                        >
                          pt-br
                        </span>
                      </Badge>
                    </div>
                  </div>
                </ArticleItem>
                <ArticleItem
                  article={
                    Object {
                      "author": "Test",
                      "date": "10/10/2010",
                      "html": "<p>Test</p>",
                      "lang": "pt-br",
                      "slug": "test-test",
                      "thumbnail": "test.png",
                      "title": "Test",
                      "url": "/test/test",
                    }
                  }
                  key="test-test"
                >
                  <div
                    className="wrapper"
                  >
                    <p
                      className="title"
                    >
                      <Link
                        href="/article/test/test"
                      >
                        <a
                          className="link"
                          href="/article/test/test"
                          onClick={[Function]}
                        >
                          Test
                        </a>
                      </Link>
                    </p>
                    <div>
                      <Badge
                        className="badge"
                      >
                        <span
                          className="badge badge"
                        >
                          October 2010
                        </span>
                      </Badge>
                      <Badge
                        className="badge"
                      >
                        <span
                          className="badge badge"
                        >
                          pt-br
                        </span>
                      </Badge>
                    </div>
                  </div>
                </ArticleItem>
              </div>
            </Clean.div>
          </Box>
        </div>
      </Clean.div>
    </Flex>
  </section>
</ArticlesList>
`;
